File is fixed: There are still issues
